output/pricing_competition/Record-250208-2346-Mistral_nemo-en/logs_decision_plot.csv
Round,FirmID,Price,Quantity,Profit
1,1,5.0,1400.0000000014002,4200
2,1,10.0,400.00000000040006,3200
3,1,10.0,400.00000000040006,3200
4,1,10.0,400.00000000040006,3200
5,1,10.0,400.00000000040006,3200
6,1,10.0,400.00000000040006,3200
7,1,10.0,400.00000000040006,3200
8,1,10.0,400.00000000040006,3200
9,1,10.0,400.00000000040006,3200
10,1,10.0,400.00000000040006,3200
11,1,10.0,400.00000000040006,3200
12,1,10.0,400.00000000040006,3200
13,1,10.0,400.00000000040006,3200
14,1,10.0,400.00000000040006,3200
15,1,10.0,400.00000000040006,3200
16,1,10.0,400.00000000040006,3200
17,1,10.0,400.00000000040006,3200
18,1,10.0,400.00000000040006,3200
19,1,10.0,400.00000000040006,3200
